// Jest Snapshot v1, https://goo.gl/fbAQLP

exports[`The HomePage component Taking a snapshot of the homepage 1`] = `
<div
  id="Contact-info"
>
  <div
    className="card"
  >
    <div
      className="card-body"
    >
      <h5
        className="card-title"
        id="contact-name"
      >
        Leanne Graham
      </h5>
      <h6
        className="card-subtitle mb-2 text-muted"
        id="contact-email"
      >
        Sincere@april.biz
      </h6>
      <p
        className="card-text"
        id="contact-company-phrase"
      >
        Multi-layered client-server neural-net
         
      </p>
    </div>
  </div>
</div>
`;
